<html>
<body>
<pre>
<h1>礦ision Build Log</h1>
<h2>Tool Versions:</h2>
IDE-Version: μVision V5.22.0.0
Copyright (C) 2016 ARM Ltd and ARM Germany GmbH. All rights reserved.
License Information: lee yun, qwdas, LIC=----
 
Tool Versions:
Toolchain:       MDK-Lite  Version: 5.22
Toolchain Path:  D:\Keil_v5\ARM\ARMCC\Bin
C Compiler:      Armcc.exe V5.06 update 4 (build 422)
Assembler:       Armasm.exe V5.06 update 4 (build 422)
Linker/Locator:  ArmLink.exe V5.06 update 4 (build 422)
Library Manager: ArmAr.exe V5.06 update 4 (build 422)
Hex Converter:   FromElf.exe V5.06 update 4 (build 422)
CPU DLL:         SARMCM3.DLL V5.22
Dialog DLL:      DCM.DLL V1.13.9.0
Target DLL:      STLink\ST-LINKIII-KEIL_SWO.dll V2.0.18.0
Dialog DLL:      TCM.DLL V1.21.0.0
 
<h2>Project:</h2>
D:\Git-Project\remote-control-car\小车端\Project.uvprojx
Project File Date:  02/28/2025

<h2>Output:</h2>
*** Using Compiler 'V5.06 update 4 (build 422)', folder: 'D:\Keil_v5\ARM\ARMCC\Bin'
Rebuild target 'Target 1'
assembling startup_stm32f10x_md.s...
compiling core_cm3.c...
compiling stm32f10x_dma.c...
compiling stm32f10x_crc.c...
compiling stm32f10x_cec.c...
compiling stm32f10x_exti.c...
compiling stm32f10x_dac.c...
compiling stm32f10x_dbgmcu.c...
compiling stm32f10x_pwr.c...
compiling stm32f10x_flash.c...
compiling stm32f10x_iwdg.c...
compiling stm32f10x_adc.c...
compiling stm32f10x_bkp.c...
compiling misc.c...
compiling stm32f10x_gpio.c...
compiling stm32f10x_i2c.c...
compiling system_stm32f10x.c...
compiling stm32f10x_fsmc.c...
compiling stm32f10x_rcc.c...
compiling stm32f10x_can.c...
compiling stm32f10x_rtc.c...
compiling stm32f10x_sdio.c...
compiling stm32f10x_spi.c...
compiling stm32f10x_usart.c...
compiling stm32f10x_tim.c...
compiling stm32f10x_wwdg.c...
compiling LED.c...
compiling Delay.c...
compiling Key.c...
compiling PWM.c...
compiling OLED.c...
compiling NRF24L01.c...
Hardware\NRF24L01.h(18): warning:  #1295-D: Deprecated declaration NRF24L01_Get_Value_Flag - give arg types
  uint8_t NRF24L01_Get_Value_Flag();
Hardware\NRF24L01.c: 1 warning, 0 errors
compiling Servo.c...
compiling stm32f10x_it.c...
compiling usart.c...
compiling main.c...
.\Hardware\NRF24L01.h(18): warning:  #1295-D: Deprecated declaration NRF24L01_Get_Value_Flag - give arg types
  uint8_t NRF24L01_Get_Value_Flag();
User\main.c(103): warning:  #1-D: last line of file ends without a newline
  }
User\main.c: 2 warnings, 0 errors
linking...
Program Size: Code=6642 RO-data=278 RW-data=48 ZI-data=1920  
".\Objects\Project.axf" - 0 Error(s), 3 Warning(s).

<h2>Collection of Component include folders:</h2>
  D:\Git-Project\remote-control-car\小车端\RTE\_Target_1
  D:\Keil_v5\ARM\PACK\Keil\STM32F1xx_DFP\2.1.0\Device\Include

<h2>Collection of Component Files used:</h2>
Build Time Elapsed:  00:00:05
</pre>
</body>
</html>
