<html>
<body>
<pre>
<h1>礦ision Build Log</h1>
<h2>Tool Versions:</h2>
IDE-Version: μVision V5.22.0.0
Copyright (C) 2016 ARM Ltd and ARM Germany GmbH. All rights reserved.
License Information: yy y, y, LIC=----
 
Tool Versions:
Toolchain:       MDK-Lite  Version: 5.22
Toolchain Path:  D:\Keil_v5\ARM\ARMCC\Bin
C Compiler:      Armcc.exe V5.06 update 4 (build 422)
Assembler:       Armasm.exe V5.06 update 4 (build 422)
Linker/Locator:  ArmLink.exe V5.06 update 4 (build 422)
Library Manager: ArmAr.exe V5.06 update 4 (build 422)
Hex Converter:   FromElf.exe V5.06 update 4 (build 422)
CPU DLL:         SARMCM3.DLL V5.22
Dialog DLL:      DCM.DLL V1.13.9.0
Target DLL:      STLink\ST-LINKIII-KEIL_SWO.dll V2.0.18.0
Dialog DLL:      TCM.DLL V1.21.0.0
 
<h2>Project:</h2>
D:\STM32教程资料\STM32工程\NRF24L01摇杆远程控制遥控车\NRF24L01发送端\Project.uvprojx
Project File Date:  02/20/2025

<h2>Output:</h2>
*** Using Compiler 'V5.06 update 4 (build 422)', folder: 'D:\Keil_v5\ARM\ARMCC\Bin'
Rebuild target 'Target 1'
assembling startup_stm32f10x_md.s...
compiling core_cm3.c...
compiling misc.c...
compiling stm32f10x_adc.c...
compiling stm32f10x_bkp.c...
compiling stm32f10x_can.c...
compiling stm32f10x_cec.c...
compiling stm32f10x_crc.c...
compiling stm32f10x_dac.c...
compiling stm32f10x_dbgmcu.c...
compiling stm32f10x_dma.c...
compiling stm32f10x_exti.c...
compiling stm32f10x_flash.c...
compiling stm32f10x_fsmc.c...
compiling stm32f10x_gpio.c...
compiling stm32f10x_i2c.c...
compiling stm32f10x_iwdg.c...
compiling stm32f10x_pwr.c...
compiling stm32f10x_rcc.c...
compiling stm32f10x_rtc.c...
compiling stm32f10x_sdio.c...
compiling stm32f10x_spi.c...
compiling stm32f10x_tim.c...
compiling stm32f10x_usart.c...
compiling stm32f10x_wwdg.c...
compiling Delay.c...
compiling NRF24L01.c...
Hardware\NRF24L01.h(18): warning:  #1295-D: Deprecated declaration NRF24L01_Get_Value_Flag - give arg types
  uint8_t NRF24L01_Get_Value_Flag();
Hardware\NRF24L01.c: 1 warning, 0 errors
compiling AD.c...
compiling OLED.c...
compiling HW504.c...
Hardware\AD.h(4): warning:  #1295-D: Deprecated declaration AD_Init - give arg types
  void AD_Init();
Hardware\AD.h(7): warning:  #1-D: last line of file ends without a newline
  #endif
Hardware\HW504.c: 2 warnings, 0 errors
compiling main.c...
.\Hardware\NRF24L01.h(18): warning:  #1295-D: Deprecated declaration NRF24L01_Get_Value_Flag - give arg types
  uint8_t NRF24L01_Get_Value_Flag();
.\Hardware\HW504.h(4): warning:  #1295-D: Deprecated declaration HW504_Init - give arg types
  void HW504_Init();
.\Hardware\HW504.h(5): warning:  #1295-D: Deprecated declaration HW504_R_SW - give arg types
  uint8_t HW504_R_SW();
.\Hardware\HW504.h(6): warning:  #1295-D: Deprecated declaration HW504_R_X - give arg types
  uint16_t HW504_R_X();
.\Hardware\HW504.h(7): warning:  #1295-D: Deprecated declaration HW504_R_Y - give arg types
  uint16_t HW504_R_Y();
User\main.c: 5 warnings, 0 errors
compiling stm32f10x_it.c...
compiling system_stm32f10x.c...
linking...
Program Size: Code=2968 RO-data=264 RW-data=0 ZI-data=1632  
".\Objects\Project.axf" - 0 Error(s), 8 Warning(s).

<h2>Collection of Component include folders:</h2>
  D:\STM32教程资料\STM32工程\NRF24L01摇杆远程控制遥控车\NRF24L01发送端\RTE\_Target_1
  D:\Keil_v5\ARM\PACK\Keil\STM32F1xx_DFP\2.1.0\Device\Include

<h2>Collection of Component Files used:</h2>
Build Time Elapsed:  00:00:42
</pre>
</body>
</html>
